version https://git-lfs.github.com/spec/v1
oid sha256:d7fa0e70a358d4c66f85fbb9fcf1536b24110844ac8b29b3f989f3b8558fd58e
size 306727122
